[debug] [2026-05-23T22:02:33.505Z] ----------------------------------------------------------------------
[debug] [2026-05-23T22:02:33.617Z] Command:       C:\Program Files\nodejs\node.exe C:\Users\migpr\AppData\Roaming\npm\node_modules\firebase-tools\lib\bin\firebase.js init hosting --project tm-ops-44e43
[debug] [2026-05-23T22:02:33.617Z] CLI Version:   15.17.0
[debug] [2026-05-23T22:02:33.618Z] Platform:      win32
[debug] [2026-05-23T22:02:33.619Z] Node Version:  v24.15.0
[debug] [2026-05-23T22:02:33.620Z] Time:          Sun May 24 2026 00:02:33 GMT+0200 (hora de verano de Europa central)
[debug] [2026-05-23T22:02:33.620Z] ----------------------------------------------------------------------
[debug] 
[debug] [2026-05-23T22:02:33.628Z] >>> [apiv2][query] GET https://firebase-public.firebaseio.com/cli.json [none]
[info] 
     ######## #### ########  ######## ########     ###     ######  ########
     ##        ##  ##     ## ##       ##     ##  ##   ##  ##       ##
     ######    ##  ########  ######   ########  #########  ######  ######
     ##        ##  ##    ##  ##       ##     ## ##     ##       ## ##
     ##       #### ##     ## ######## ########  ##     ##  ######  ########

You're about to initialize a Firebase project in this directory:

  C:\Users\migpr\OneDrive\Desktop\taller de memorias\APP\To-k-Beta\tok

Before we get started, keep in mind:

  * You are initializing within an existing Firebase project directory

[debug] [2026-05-23T22:02:45.010Z] <<< [apiv2][status] GET https://firebase-public.firebaseio.com/cli.json 200
[debug] [2026-05-23T22:02:45.010Z] <<< [apiv2][body] GET https://firebase-public.firebaseio.com/cli.json {"cloudBuildErrorAfter":1594252800000,"cloudBuildWarnAfter":1590019200000,"defaultNode10After":1594252800000,"minVersion":"3.0.5","node8DeploysDisabledAfter":1613390400000,"node8RuntimeDisabledAfter":1615809600000,"node8WarnAfter":1600128000000}
[info] 
=== Project Setup
[info] 
[info] First, let's associate this project directory with a Firebase project.
[info] You can create multiple project aliases by running firebase use --add, 
[info] 
[debug] [2026-05-23T22:02:54.591Z] > command requires scopes: ["email","openid","https://www.googleapis.com/auth/cloudplatformprojects.readonly","https://www.googleapis.com/auth/firebase","https://www.googleapis.com/auth/cloud-platform"]
[debug] [2026-05-23T22:02:54.591Z] > authorizing via signed-in user (miguel.saez@apptlas.io)
[debug] [2026-05-23T22:02:54.593Z] Checked if tokens are valid: false, expires at: 1779571316780
[debug] [2026-05-23T22:02:54.593Z] Checked if tokens are valid: false, expires at: 1779571316780
[debug] [2026-05-23T22:02:54.594Z] > refreshing access token with scopes: []
[debug] [2026-05-23T22:02:54.597Z] >>> [apiv2][query] POST https://www.googleapis.com/oauth2/v3/token [none]
[debug] [2026-05-23T22:02:54.597Z] >>> [apiv2][body] POST https://www.googleapis.com/oauth2/v3/token [omitted]
[debug] [2026-05-23T22:02:54.774Z] <<< [apiv2][status] POST https://www.googleapis.com/oauth2/v3/token 200
[debug] [2026-05-23T22:02:54.774Z] <<< [apiv2][body] POST https://www.googleapis.com/oauth2/v3/token [omitted]
[debug] [2026-05-23T22:02:54.794Z] >>> [apiv2][query] GET https://firebase.googleapis.com/v1beta1/projects/tm-ops-44e43 [none]
[debug] [2026-05-23T22:02:55.223Z] <<< [apiv2][status] GET https://firebase.googleapis.com/v1beta1/projects/tm-ops-44e43 200
[debug] [2026-05-23T22:02:55.223Z] <<< [apiv2][body] GET https://firebase.googleapis.com/v1beta1/projects/tm-ops-44e43 {"projectId":"tm-ops-44e43","projectNumber":"849196799707","displayName":"tm-ops","name":"projects/tm-ops-44e43","resources":{"hostingSite":"tm-ops-44e43"},"state":"ACTIVE","etag":"1_28f2e94c-e257-4c6f-a64e-c6be21ac4e75"}
[info] i  Using project tm-ops-44e43 (tm-ops) . 
[info] 
=== Hosting Setup
[debug] [2026-05-23T22:02:55.356Z] Checked if tokens are valid: true, expires at: 1779577373774
[debug] [2026-05-23T22:02:55.356Z] Checked if tokens are valid: true, expires at: 1779577373774
[debug] [2026-05-23T22:02:55.357Z] >>> [apiv2][query] GET https://firebase.googleapis.com/v1beta1/projects/tm-ops-44e43 [none]
[debug] [2026-05-23T22:02:55.627Z] <<< [apiv2][status] GET https://firebase.googleapis.com/v1beta1/projects/tm-ops-44e43 200
[debug] [2026-05-23T22:02:55.627Z] <<< [apiv2][body] GET https://firebase.googleapis.com/v1beta1/projects/tm-ops-44e43 {"projectId":"tm-ops-44e43","projectNumber":"849196799707","displayName":"tm-ops","name":"projects/tm-ops-44e43","resources":{"hostingSite":"tm-ops-44e43"},"state":"ACTIVE","etag":"1_28f2e94c-e257-4c6f-a64e-c6be21ac4e75"}
[info] 
[info] Your public directory is the folder (relative to your project directory) that
[info] will contain Hosting assets to be uploaded with firebase deploy. If you
[info] have a build process for your assets, use your build's output directory.
[info] 
